video1 = FFVideoSource("/home/soichiro/repos/avsser/files/example.mkv")
video1 = AudioDub(video1, FFAudioSource("/home/soichiro/repos/avsser/files/example.mkv"))
video1 = RemoveGrain(video1, 1)

video1
