video1 = FFVideoSource("\\?\E:\Users\jholm\Documents\repos\avsser\files\example.mkv")
video1 = RemoveGrain(video1, 1)

video1
