video1 = LWLibAvVideoSource("/home/soichiro/repos/avsser/files/example.mkv", format = "YUV420P8")
video1 = RemoveGrain(video1, 1)

video1
