video1 = FFVideoSource("/home/soichiro/repos/avsser/files/example.mkv")
video1 = RemoveGrain(video1, 1)
video1 = Spline64Resize(video1, 640, 480)

video1
