from vapoursynth import core

video1 = core.ffms2.Source(source='Rule6.mkv')
video1 = core.rgvs.RemoveGrain(video1, 1)

video = video1

video.set_output()