from vapoursynth import core

video1 = core.lsmas.LWLibavSource(source='\\\\?\\E:\\Users\\jholm\\Documents\\repos\\avsser\\files\\example.mkv', format = "YUV420P8")
video1 = core.rgvs.RemoveGrain(video1, 1)

video = video1

video.set_output()
